../Core/Src/main.c:92:5:main	8	static
../Core/Src/main.c:154:6:SystemClock_Config	88	static
../Core/Src/main.c:202:13:MX_I2C1_Init	8	static
../Core/Src/main.c:236:13:MX_I2C3_Init	8	static
../Core/Src/main.c:270:13:MX_SPI1_Init	8	static
../Core/Src/main.c:308:13:MX_TIM3_Init	32	static
../Core/Src/main.c:353:13:MX_UART4_Init	8	static
../Core/Src/main.c:386:13:MX_USART2_UART_Init	8	static
../Core/Src/main.c:419:13:MX_GPIO_Init	24	static
../Core/Src/main.c:442:6:Error_Handler	4	static,ignoring_inline_asm
